GAS LISTING /tmp/ccWLBBPT.s 			page 1


   1              		.file	"numbers.c"
   2              		.text
   3              	.Ltext0:
   4              		.section	.rodata
   5              	.LC0:
   6 0000 61203D20 		.string	"a = %d\n"
   6      25640A00 
   7              		.text
   8              		.globl	main
  10              	main:
  11              	.LFB0:
  12              		.file 1 "numbers.c"
   1:numbers.c     **** #include <stdio.h>
   2:numbers.c     **** 
   3:numbers.c     **** int main( void )
   4:numbers.c     **** {
  13              		.loc 1 4 0
  14              		.cfi_startproc
  15 0000 55       		pushq	%rbp
  16              		.cfi_def_cfa_offset 16
  17              		.cfi_offset 6, -16
  18 0001 4889E5   		movq	%rsp, %rbp
  19              		.cfi_def_cfa_register 6
  20 0004 4883EC10 		subq	$16, %rsp
  21              	.LBB2:
   5:numbers.c     ****    int i, a = 0;
  22              		.loc 1 5 0
  23 0008 C745FC00 		movl	$0, -4(%rbp)
  23      000000
   6:numbers.c     **** 
   7:numbers.c     ****    for( i = 0; i<5; i++)
  24              		.loc 1 7 0
  25 000f C745F800 		movl	$0, -8(%rbp)
  25      000000
  26 0016 EB2D     		jmp	.L2
  27              	.L3:
   8:numbers.c     ****    {
   9:numbers.c     ****        a = ++a%2;
  28              		.loc 1 9 0 discriminator 2
  29 0018 8345FC01 		addl	$1, -4(%rbp)
  30 001c 8B45FC   		movl	-4(%rbp), %eax
  31 001f 99       		cltd
  32 0020 C1EA1F   		shrl	$31, %edx
  33 0023 01D0     		addl	%edx, %eax
  34 0025 83E001   		andl	$1, %eax
  35 0028 29D0     		subl	%edx, %eax
  36 002a 8945FC   		movl	%eax, -4(%rbp)
  10:numbers.c     ****        printf( "a = %d\n", a);
  37              		.loc 1 10 0 discriminator 2
  38 002d 8B45FC   		movl	-4(%rbp), %eax
  39 0030 89C6     		movl	%eax, %esi
  40 0032 BF000000 		movl	$.LC0, %edi
  40      00
  41 0037 B8000000 		movl	$0, %eax
  41      00
  42 003c E8000000 		call	printf
  42      00
GAS LISTING /tmp/ccWLBBPT.s 			page 2


   7:numbers.c     ****    {
  43              		.loc 1 7 0 discriminator 2
  44 0041 8345F801 		addl	$1, -8(%rbp)
  45              	.L2:
   7:numbers.c     ****    {
  46              		.loc 1 7 0 is_stmt 0 discriminator 1
  47 0045 837DF804 		cmpl	$4, -8(%rbp)
  48 0049 7ECD     		jle	.L3
  49              	.LBE2:
  11:numbers.c     ****    }
  12:numbers.c     **** }
  50              		.loc 1 12 0 is_stmt 1
  51 004b B8000000 		movl	$0, %eax
  51      00
  52 0050 C9       		leave
  53              		.cfi_def_cfa 7, 8
  54 0051 C3       		ret
  55              		.cfi_endproc
  56              	.LFE0:
  58              	.Letext0:
GAS LISTING /tmp/ccWLBBPT.s 			page 3


DEFINED SYMBOLS
                            *ABS*:0000000000000000 numbers.c
     /tmp/ccWLBBPT.s:10     .text:0000000000000000 main

UNDEFINED SYMBOLS
printf
